<?xml version="1.0" encoding="utf-8"?><testsuites name="pytest tests"><testsuite name="pytest" errors="1" failures="0" skipped="0" tests="1" time="0.135" timestamp="2026-01-09T10:04:32.718527+06:00" hostname="archlinux"><testcase classname="" name="tests.test_unit_validation" time="0.000"><error message="collection failure">venv/lib/python3.10/site-packages/_pytest/python.py:507: in importtestmodule
    mod = import_path(
venv/lib/python3.10/site-packages/_pytest/pathlib.py:587: in import_path
    importlib.import_module(module_name)
/usr/lib/python3.10/importlib/__init__.py:126: in import_module
    return _bootstrap._gcd_import(name[level:], package, level)
&lt;frozen importlib._bootstrap&gt;:1050: in _gcd_import
    ???
&lt;frozen importlib._bootstrap&gt;:1027: in _find_and_load
    ???
&lt;frozen importlib._bootstrap&gt;:1006: in _find_and_load_unlocked
    ???
&lt;frozen importlib._bootstrap&gt;:688: in _load_unlocked
    ???
venv/lib/python3.10/site-packages/_pytest/assertion/rewrite.py:188: in exec_module
    source_stat, co = _rewrite_test(fn, self.config)
venv/lib/python3.10/site-packages/_pytest/assertion/rewrite.py:357: in _rewrite_test
    tree = ast.parse(source, filename=strfn)
/usr/lib/python3.10/ast.py:50: in parse
    return compile(source, filename, mode, flags,
E     File "/home/hugahuchu/smartdentalscan/tests/test_unit_validation.py", line 1
E       pytest -vv tests/test_unit_validation.pyimport io
E                  ^^^^^
E   SyntaxError: invalid syntax</error></testcase></testsuite></testsuites>